[www.motorcars-intl.com/international-exotic-car-sales.html]
[www.motorcars-intl.com/vehicle-details/2017-alfa-romeo-giulia-quadrifoglio-sedan-ec5135afdd494cbfa868167e973e9d82.html]
[backblue.gif]
[fade.gif]
[index.html]
[stackpath.bootstrapcdn.com/bootstrap/3.4.1/js/bootstrap.min.js]
[clients.automanager.com/images/jqueryui/ui-bg_flat_100_ffffff_40x100.png]
[clients.automanager.com/images/jqueryui/ui-bg_highlight-hard_50_99bbff_1x100.png]
[clients.automanager.com/images/jqueryui/ui-bg_glass_50_e8e8e8_1x400.png]
[clients.automanager.com/images/jqueryui/ui-bg_glass_25_3366cc_1x400.png]
[clients.automanager.com/images/jqueryui/ui-bg_flat_25_ffffff_40x100.png]
[clients.automanager.com/images/jqueryui/ui-bg_glass_100_99ff99_1x400.png]
[clients.automanager.com/images/jqueryui/ui-bg_glass_50_ff9999_1x400.png]
[clients.automanager.com/images/jqueryui/ui-icons_222222_256x240.png]
[clients.automanager.com/images/jqueryui/ui-icons_224499_256x240.png]
[clients.automanager.com/images/jqueryui/ui-icons_666666_256x240.png]
[clients.automanager.com/images/jqueryui/ui-icons_ffffff_256x240.png]
[clients.automanager.com/images/jqueryui/ui-icons_4488ff_256x240.png]
[clients.automanager.com/images/jqueryui/ui-icons_009900_256x240.png]
[clients.automanager.com/images/jqueryui/ui-icons_cc0000_256x240.png]
[clients.automanager.com/images/jqueryui/ui-bg_diagonals-small_10_001122_40x40.png]
[clients.automanager.com/images/jqueryui/ui-bg_flat_0_000000_40x100.png]
[connect.facebook.net/en_US/fbevents.js]
[automanager.blob.core.windows.net/wmclients/033666/images/motorcars-international-logo.png]
[www.motorcars-intl.com/index.html]
[www.motorcars-intl.com/inventory.html]
[www.motorcars-intl.com/inventory/sold.html]
[www.motorcars-intl.com/custom-08.html]
[www.motorcars-intl.com/vehicle-finder.html]
[www.motorcars-intl.com/sell-your-exotic-car.html]
[www.motorcars-intl.com/consign-your-exotic-car.html]
[www.motorcars-intl.com/exotic-car-custom-financing.html]
[www.motorcars-intl.com/loan-calculator.html]
[www.motorcars-intl.com/credit-application.html]
[www.motorcars-intl.com/testimonies-and-customer-reviews.html]
[www.motorcars-intl.com/find-a-car-search.html]
[www.motorcars-intl.com/exotic-car-enclosed-transportation.html]
[www.motorcars-intl.com/about-us.html]
[www.motorcars-intl.com/sales-team.html]
[www.motorcars-intl.com/administrative-team.html]
[www.motorcars-intl.com/location-and-directions.html]
[www.motorcars-intl.com/contact-us.html]
[automanager.blob.core.windows.net/wmcontent/clients/images/spacer.gif]
[automanager.blob.core.windows.net/wmclients/033666/images/international-sales-exotic-cars-motorcars-international-500.jpg]
[automanager.blob.core.windows.net/wmclients/033666/images/motorcars-international-exotic-car-sales-springfield-mo-500.jpg]
[s7.addthis.com/static/btn/v2/lg-share-en.gif]
[www.motorcars-intl.com/site-map.html]
[cdnjs.cloudflare.com/ajax/libs/gsap/latest/TweenMax.min.js]
[code.jquery.com/jquery-3.4.1.min.js]
[wm.automanager.com/javascript/jquery/jquery.plugins.min.js]
[wm.automanager.com/javascript/detection.js]
[clients.automanager.com/javascript/themes.js]
[wm.automanager.com/javascript/input.js]
[wm.automanager.com/javascript/validation.js]
[wm.automanager.com/javascript/cp/fieldfocus.js]
[wm.automanager.com/javascript/cp/formcontrol.js]
[clients.automanager.com/javascript/elements.js]
[clients.automanager.com/javascript/calculators.js]
[cdnjs.cloudflare.com/ajax/libs/jquery.matchHeight/0.7.0/jquery.matchHeight-min.js]
[s7.addthis.com/js/250/addthis_widget.js]
[clients.automanager.com/javascript/jquery.stellar.min.js]
[clients.automanager.com/javascript/jquery.flexslider.min.js]
[automanager.blob.core.windows.net/wmcontent/javascript/clients/searchmodels.js]
[clients.automanager.com/javascript/jquery.ui.min.js]
[clients.automanager.com/javascript/responsive.js]
[cdnjs.cloudflare.com/ajax/libs/jquery.lazy/1.7.6/jquery.lazy.min.js]
[cdnjs.cloudflare.com/ajax/libs/fancybox/3.3.5/jquery.fancybox.min.js]
[cdnjs.cloudflare.com/ajax/libs/jquery.lazy/1.7.6/jquery.lazy.plugins.min.js]
[www.google.com/recaptcha/apiee15.js]
[snapshot.carfax.com/latest/snapshot.js]
[automanager.blob.core.windows.net/wmclients/033666/theme.js]
[static.ctctcdn.com/js/signup-form-widget/current/signup-form-widget.min.js]
[www.motorcars-intl.com/international-exotic-car-sales.html]
[automanager.blob.core.windows.net/wmclients/033666/images/share-buttons.png]
[automanager.blob.core.windows.net/wmphotos/033666/ec5135afdd494cbfa868167e973e9d82/d8acf3710e_1024.jpg]
[automanager.blob.core.windows.net/wmphotos/033666/ec5135afdd494cbfa868167e973e9d82/d8acf3710e_120.jpg]
[automanager.blob.core.windows.net/wmcontent/clients/images/balink_carfax.gif]
[automanager.blob.core.windows.net/wmcontent/clients/images/balink_carfax2.gif]
[automanager.blob.core.windows.net/wmcontent/clients/images/balink_uship_small.gif]
[automanager.blob.core.windows.net/wmcontent/clients/images/partners/shipmyvehicle.gif]
[automanager.blob.core.windows.net/wmclients/033666/googlemap.jpg]
[www.motorcars-intl.com/vehicle-details/2017-alfa-romeo-giulia-quadrifoglio-sedan-ec5135afdd494cbfa868167e973e9d82.html]
[connect.facebook.net/en_US/fbevents.js]
[clients.automanager.com/css/custom.html]
[automanager.blob.core.windows.net/wmclients/033666/images/slideshow/slider1.jpg]
[automanager.blob.core.windows.net/wmclients/033666/images/slideshow/drockafellow2018-01-295856.jpg]
[automanager.blob.core.windows.net/wmclients/033666/images/slideshow/slider3.jpg]
[automanager.blob.core.windows.net/wmclients/033666/images/slideshow/slider8.jpg]
[automanager.blob.core.windows.net/wmclients/033666/images/slideshow/slider7.jpg]
[automanager.blob.core.windows.net/wmclients/033666/images/slideshow/slider6.jpg]
[automanager.blob.core.windows.net/wmclients/033666/images/slideshow/slider5.jpg]
[automanager.blob.core.windows.net/wmclients/033666/images/slideshow/ford_gt.jpg]
[automanager.blob.core.windows.net/wmclients/033666/images/motorcars-international-40th-annivesary.png]
[automanager.blob.core.windows.net/wmclients/033666/images/box2.jpg]
[automanager.blob.core.windows.net/wmclients/033666/images/box3.jpg]
[automanager.blob.core.windows.net/wmcontent/clients/images/ajax-loader.gif]
[automanager.blob.core.windows.net/wmphotos/033666/ec5135afdd494cbfa868167e973e9d82/d8acf3710e_400.jpg]
[automanager.blob.core.windows.net/wmphotos/033666/ec5135afdd494cbfa868167e973e9d82/5c30362296_400.jpg]
[automanager.blob.core.windows.net/wmcontent/clients/images/reports/carfaxnew.png]
[automanager.blob.core.windows.net/wmcontent/clients/images/reports/autocheckreport.png]
[www.motorcars-intl.com/vehicle-details/2021-jeep-wrangler-unlimited-rubicon-ozark-mountain-edition-suv-785dddb24fdec046900ef80e3424db60.html]
[automanager.blob.core.windows.net/wmphotos/033666/785dddb24fdec046900ef80e3424db60/5eba603bc8_400.jpg]
[automanager.blob.core.windows.net/wmphotos/033666/785dddb24fdec046900ef80e3424db60/305064c6c4_400.jpg]
[www.motorcars-intl.com/vehicle-details/2021-jeep-wrangler-unlimited-rubicon-ozark-mountain-edition-suv-94de1ced4b8b4170908e83561d7cfd06.html]
[automanager.blob.core.windows.net/wmphotos/033666/94de1ced4b8b4170908e83561d7cfd06/51c82b0ba8_400.jpg]
[automanager.blob.core.windows.net/wmphotos/033666/94de1ced4b8b4170908e83561d7cfd06/bb3e3fa2b0_400.jpg]
[www.motorcars-intl.com/vehicle-details/2021-jeep-wrangler-unlimited-rubicon-ozark-mountain-edition-suv-62c4b4f3ce3d40fbb7e62143d64d1d5d.html]
[automanager.blob.core.windows.net/wmphotos/033666/62c4b4f3ce3d40fbb7e62143d64d1d5d/d623c22db9_400.jpg]
[automanager.blob.core.windows.net/wmphotos/033666/62c4b4f3ce3d40fbb7e62143d64d1d5d/537a4a7fb2_400.jpg]
[www.motorcars-intl.com/vehicle-details/2021-jeep-wrangler-unlimited-rubicon-ozark-mountain-edition-suv-bb838b62ce5748df9629a0e68d659827.html]
[automanager.blob.core.windows.net/wmphotos/033666/bb838b62ce5748df9629a0e68d659827/cdc3d130f1_400.jpg]
[automanager.blob.core.windows.net/wmphotos/033666/bb838b62ce5748df9629a0e68d659827/497bb351dd_400.jpg]
[www.motorcars-intl.com/vehicle-details/2021-jeep-wrangler-unlimited-rubicon-ozark-mountain-edition-suv-4a155a15ae6049dc86f6888027cc15c9.html]
[automanager.blob.core.windows.net/wmphotos/033666/4a155a15ae6049dc86f6888027cc15c9/481c2b3bdd_400.jpg]
[automanager.blob.core.windows.net/wmphotos/033666/4a155a15ae6049dc86f6888027cc15c9/a5f3343406_400.jpg]
[www.motorcars-intl.com/vehicle-details/2020-land-rover-defender-110-x-suv-a3590271209e426fae330f22590c03ff.html]
[automanager.blob.core.windows.net/wmphotos/033666/a3590271209e426fae330f22590c03ff/f8ab7ec24d_400.jpg]
[automanager.blob.core.windows.net/wmphotos/033666/a3590271209e426fae330f22590c03ff/2d61b1543f_400.jpg]
[www.motorcars-intl.com/vehicle-details/2021-mercedes-benz-g550-suv-cbf0285b1ddc40d7a79d7ee2603016b9.html]
[automanager.blob.core.windows.net/wmphotos/033666/cbf0285b1ddc40d7a79d7ee2603016b9/33ba999043_400.jpg]
[automanager.blob.core.windows.net/wmphotos/033666/cbf0285b1ddc40d7a79d7ee2603016b9/6da3d1e0e3_400.jpg]
[www.motorcars-intl.com/vehicle-details/2016-tesla-model-x-75d-suv-e1f309c2bad0453182ffdaf86ac69878.html]
[automanager.blob.core.windows.net/wmphotos/033666/e1f309c2bad0453182ffdaf86ac69878/7632044af0_400.jpg]
[automanager.blob.core.windows.net/wmphotos/033666/e1f309c2bad0453182ffdaf86ac69878/8e517ccb27_400.jpg]
[automanager.blob.core.windows.net/wmcontent/clients/images/reports/carfax1ownernew.png]
[automanager.blob.core.windows.net/wmclients/033666/images/flag_opt.jpg]
[automanager.blob.core.windows.net/wmclients/033666/images/facility1.jpg]
[www.motorcars-intl.com/index.html]
[www.motorcars-intl.com/inventoryac1d.html]
[www.motorcars-intl.com/inventory7f21.html]
[www.motorcars-intl.com/inventorycb8c.html]
[www.motorcars-intl.com/inventoryf40f.html]
[www.motorcars-intl.com/inventory3717.html]
[www.motorcars-intl.com/inventory8140.html]
[www.motorcars-intl.com/inventory940d.html]
[www.motorcars-intl.com/inventoryd120.html]
[www.motorcars-intl.com/inventory1569.html]
[www.motorcars-intl.com/inventory4b1c.html]
[www.motorcars-intl.com/inventory5301.html]
[www.motorcars-intl.com/inventory6c7e.html]
[www.motorcars-intl.com/inventory4e90.html]
[www.motorcars-intl.com/inventory9533.html]
[www.motorcars-intl.com/inventory5e62.html]
[www.motorcars-intl.com/inventory55a9.html]
[www.motorcars-intl.com/inventory.html]
[www.motorcars-intl.com/inventory580a.html]
[www.motorcars-intl.com/inventory/soldac1d.html]
[www.motorcars-intl.com/inventory/soldcb8c.html]
[www.motorcars-intl.com/inventory/solde7bf.html]
[www.motorcars-intl.com/inventory/soldd08b.html]
[www.motorcars-intl.com/inventory/soldbed0.html]
[www.motorcars-intl.com/inventory/sold353b.html]
[www.motorcars-intl.com/inventory/soldd62c.html]
[www.motorcars-intl.com/inventory/sold69b0.html]
[www.motorcars-intl.com/inventory/soldb25f.html]
[www.motorcars-intl.com/inventory/sold53fb.html]
[www.motorcars-intl.com/inventory/sold3717.html]
[www.motorcars-intl.com/inventory/sold7951.html]
[www.motorcars-intl.com/inventory/sold940d.html]
[www.motorcars-intl.com/inventory/sold544b.html]
[www.motorcars-intl.com/inventory/sold6332.html]
[www.motorcars-intl.com/inventory/sold65f9.html]
[www.motorcars-intl.com/inventory/sold99c2.html]
[www.motorcars-intl.com/inventory/solde7e2.html]
[www.motorcars-intl.com/inventory/soldd755.html]
[www.motorcars-intl.com/inventory/solda265.html]
[www.motorcars-intl.com/inventory/sold592d.html]
[www.motorcars-intl.com/inventory/sold4b1c.html]
[www.motorcars-intl.com/inventory/sold5b4d.html]
[www.motorcars-intl.com/inventory/sold8413.html]
[www.motorcars-intl.com/inventory/sold4582.html]
[www.motorcars-intl.com/inventory/sold3d7f.html]
[www.motorcars-intl.com/inventory/solda0c9.html]
[www.motorcars-intl.com/inventory/sold5ce1.html]
[www.motorcars-intl.com/inventory/sold6483.html]
[www.motorcars-intl.com/inventory/sold78b4.html]
[www.motorcars-intl.com/inventory/sold7a16.html]
[www.motorcars-intl.com/inventory/soldd792.html]
[www.motorcars-intl.com/inventory/sold4e90.html]
[www.motorcars-intl.com/inventory/sold9533.html]
[www.motorcars-intl.com/inventory/sold5e62.html]
[www.motorcars-intl.com/inventory/solda68b.html]
[www.motorcars-intl.com/inventory/sold3afc.html]
[www.motorcars-intl.com/inventory/sold55a9.html]
[www.motorcars-intl.com/inventory/sold580a.html]
[www.motorcars-intl.com/inventory/soldde48.html]
[www.motorcars-intl.com/inventory/soldaacd.html]
[www.motorcars-intl.com/inventory/soldd99c.html]
[www.motorcars-intl.com/vehicle-details/2021-jeep-wrangler-unlimited-rubicon-ozark-mountain-edition-suv-95baeef6d03060418abd130de4361541.html]
[automanager.blob.core.windows.net/wmphotos/033666/95baeef6d03060418abd130de4361541/6ce3680c05_400.jpg]
[automanager.blob.core.windows.net/wmphotos/033666/95baeef6d03060418abd130de4361541/f2835bb351_400.jpg]
[www.motorcars-intl.com/vehicle-details/2021-jeep-wrangler-unlimited-rubicon-ozark-mountain-edition-suv-6dc56b3eea256644895d3ccc1d02ef7f.html]
[automanager.blob.core.windows.net/wmphotos/033666/6dc56b3eea256644895d3ccc1d02ef7f/8ec48b02ec_400.jpg]
[automanager.blob.core.windows.net/wmphotos/033666/6dc56b3eea256644895d3ccc1d02ef7f/aa6682a0df_400.jpg]
[www.motorcars-intl.com/vehicle-details/2021-jeep-wrangler-unlimited-rubicon-ozark-mountain-edition-suv-866a20b9c6a744299923492e1cca7920.html]
[automanager.blob.core.windows.net/wmphotos/033666/866a20b9c6a744299923492e1cca7920/7a9cbc769e_400.jpg]
[automanager.blob.core.windows.net/wmphotos/033666/866a20b9c6a744299923492e1cca7920/9bf9fddd71_400.jpg]
[www.motorcars-intl.com/vehicle-details/2021-jeep-wrangler-unlimited-rubicon-ozark-mountain-edition-suv-73c30f609c9348b398eb534fe20ae76d.html]
[automanager.blob.core.windows.net/wmphotos/033666/73c30f609c9348b398eb534fe20ae76d/4bf25c7585_400.jpg]
[automanager.blob.core.windows.net/wmphotos/033666/73c30f609c9348b398eb534fe20ae76d/5aab3305bd_400.jpg]
[www.motorcars-intl.com/vehicle-details/2021-kia-telluride-sx-awd-suv-fb7448afc0004872a1c3e8c411db84e7.html]
[automanager.blob.core.windows.net/wmphotos/033666/fb7448afc0004872a1c3e8c411db84e7/f8916091e4_400.jpg]
[automanager.blob.core.windows.net/wmphotos/033666/fb7448afc0004872a1c3e8c411db84e7/3c80c96198_400.jpg]
[www.motorcars-intl.com/vehicle-details/2020-audi-r8-5-2-quattro-v10-performance-coupe-4123f505f0c1411fbc2000131d3ac3f4.html]
[automanager.blob.core.windows.net/wmphotos/033666/4123f505f0c1411fbc2000131d3ac3f4/ae09288872_400.jpg]
[automanager.blob.core.windows.net/wmphotos/033666/4123f505f0c1411fbc2000131d3ac3f4/abc66b7830_400.jpg]
[www.motorcars-intl.com/vehicle-details/2020-bmw-m8--cabriolet-convertible-326d9905d5544075b39eef9b09f4389e.html]
[automanager.blob.core.windows.net/wmphotos/033666/326d9905d5544075b39eef9b09f4389e/a25c94ec55_400.jpg]
[automanager.blob.core.windows.net/wmphotos/033666/326d9905d5544075b39eef9b09f4389e/e6de3b1a29_400.jpg]
[www.motorcars-intl.com/vehicle-details/2020-jeep-gladiator-mojave-ozark-mountain-edition-truck-84713cb604a74eb99817ecd1b0fad459.html]
[automanager.blob.core.windows.net/wmphotos/033666/84713cb604a74eb99817ecd1b0fad459/9f61469c29_400.jpg]
[automanager.blob.core.windows.net/wmphotos/033666/84713cb604a74eb99817ecd1b0fad459/7568907eca_400.jpg]
[www.motorcars-intl.com/vehicle-details/2020-jeep-wrangler-unlimited-rubicon-ozark-mountain-edition-suv-ef99b0e211a54f889eead666eb3da2a1.html]
[automanager.blob.core.windows.net/wmphotos/033666/ef99b0e211a54f889eead666eb3da2a1/4963b462da_400.jpg]
[automanager.blob.core.windows.net/wmphotos/033666/ef99b0e211a54f889eead666eb3da2a1/85e6ff9ae4_400.jpg]
[www.motorcars-intl.com/vehicle-details/2020-jeep-wrangler-unlimited-rubicon-ozark-mountain-edition-suv-b7d48715b6634599bbe362772c8ccfba.html]
[automanager.blob.core.windows.net/wmphotos/033666/b7d48715b6634599bbe362772c8ccfba/a15774fd82_400.jpg]
[automanager.blob.core.windows.net/wmphotos/033666/b7d48715b6634599bbe362772c8ccfba/3368435862_400.jpg]
[www.motorcars-intl.com/vehicle-details/2020-mercedes-benz-amg--g-63-suv-9fad032a6eb04cd9875794d740adaee9.html]
[automanager.blob.core.windows.net/wmphotos/033666/9fad032a6eb04cd9875794d740adaee9/6e9656455d_400.jpg]
[automanager.blob.core.windows.net/wmphotos/033666/9fad032a6eb04cd9875794d740adaee9/c1854cb122_400.jpg]
[www.motorcars-intl.com/vehicle-details/2020-mercedes-benz-amg-g-63-suv-018ac1c4e5e0455daab6497a67b64ed1.html]
[automanager.blob.core.windows.net/wmphotos/033666/018ac1c4e5e0455daab6497a67b64ed1/550c9e33bb_400.jpg]
[automanager.blob.core.windows.net/wmphotos/033666/018ac1c4e5e0455daab6497a67b64ed1/42e39dcb2c_400.jpg]
[www.motorcars-intl.com/vehicle-details/2020-mercedes-benz-amg-g-63-brabus-suv-3be013b9b0074c58baa24c3a96454f0c.html]
[automanager.blob.core.windows.net/wmphotos/033666/3be013b9b0074c58baa24c3a96454f0c/da95028623_400.jpg]
[automanager.blob.core.windows.net/wmphotos/033666/3be013b9b0074c58baa24c3a96454f0c/ee1b703255_400.jpg]
[www.motorcars-intl.com/vehicle-details/2020-mercedes-benz-g550-suv-dbc58a4e73784e099c756b6c30fc3306.html]
[automanager.blob.core.windows.net/wmphotos/033666/dbc58a4e73784e099c756b6c30fc3306/5cd0279f2f_400.jpg]
[automanager.blob.core.windows.net/wmphotos/033666/dbc58a4e73784e099c756b6c30fc3306/695b3d8de5_400.jpg]
[www.motorcars-intl.com/vehicle-details/2020-mercedes-benz-amg-gt-c-coupe-aad3f12878b2684a9fed7539acb96823.html]
[automanager.blob.core.windows.net/wmphotos/033666/aad3f12878b2684a9fed7539acb96823/9792bda960_400.jpg]
[automanager.blob.core.windows.net/wmphotos/033666/aad3f12878b2684a9fed7539acb96823/8a9ad560e9_400.jpg]
[www.motorcars-intl.com/vehicle-details/2020-porsche-cayenne-turbo-suv-31d04d14f7c84b14950e1ae325e4821f.html]
[automanager.blob.core.windows.net/wmphotos/033666/31d04d14f7c84b14950e1ae325e4821f/c5e16a1b3d_400.jpg]
[automanager.blob.core.windows.net/wmphotos/033666/31d04d14f7c84b14950e1ae325e4821f/2e4b375689_400.jpg]
[www.motorcars-intl.com/vehicle-details/2019-mercedes-benz-amg-g-63-suv-b4075b33ebe042f7bbbce84c920e1526.html]
[automanager.blob.core.windows.net/wmphotos/033666/b4075b33ebe042f7bbbce84c920e1526/bd69c149a9_400.jpg]
[automanager.blob.core.windows.net/wmphotos/033666/b4075b33ebe042f7bbbce84c920e1526/953c90d03d_400.jpg]
[www.motorcars-intl.com/vehicle-details/2019-mercedes-benz-sprinter-cargo-american-coach--144-56e51110ed9744358c3d15e27106fc2c.html]
[automanager.blob.core.windows.net/wmphotos/033666/56e51110ed9744358c3d15e27106fc2c/e2811e9e4b_400.jpg]
[automanager.blob.core.windows.net/wmphotos/033666/56e51110ed9744358c3d15e27106fc2c/5acb5d6a2d_400.jpg]
[www.motorcars-intl.com/vehicle-details/2019-porsche-911-turbo-s-coupe-5bb50b5f736040b8be32e3e49284daa0.html]
[automanager.blob.core.windows.net/wmphotos/033666/5bb50b5f736040b8be32e3e49284daa0/f9e27a2b67_400.jpg]
[automanager.blob.core.windows.net/wmphotos/033666/5bb50b5f736040b8be32e3e49284daa0/8c93338f44_400.jpg]
[www.motorcars-intl.com/vehicle-details/2019-porsche-cayenne-turbo-suv-8fa908efcdd84592a55560b6796dbadd.html]
[automanager.blob.core.windows.net/wmphotos/033666/8fa908efcdd84592a55560b6796dbadd/2f6de88b77_400.jpg]
[automanager.blob.core.windows.net/wmphotos/033666/8fa908efcdd84592a55560b6796dbadd/cd0986312b_400.jpg]
[www.motorcars-intl.com/vehicle-details/2018-aston-martin-vanquish-zagato-coupe-c8667a7285da4629b0447c28f955547f.html]
[automanager.blob.core.windows.net/wmphotos/033666/c8667a7285da4629b0447c28f955547f/ed78455989_400.jpg]
[automanager.blob.core.windows.net/wmphotos/033666/c8667a7285da4629b0447c28f955547f/f6512a4383_400.jpg]
[www.motorcars-intl.com/vehicle-details/2018-chevrolet-corvette-grand-sport--carbon-65-edition-coupe-e92fbb002b6542c98f38fa075142107a.html]
[automanager.blob.core.windows.net/wmphotos/033666/e92fbb002b6542c98f38fa075142107a/6f7cdac2b1_400.jpg]
[automanager.blob.core.windows.net/wmphotos/033666/e92fbb002b6542c98f38fa075142107a/a5d513b4ab_400.jpg]
[www.motorcars-intl.com/vehicle-details/2017-acura-mdx-sh-awd-suv-936fca384df14256b365f398a0506ac8.html]
[automanager.blob.core.windows.net/wmphotos/033666/936fca384df14256b365f398a0506ac8/6c6abb324a_400.jpg]
[automanager.blob.core.windows.net/wmphotos/033666/936fca384df14256b365f398a0506ac8/c1da61f7ec_400.jpg]
[www.motorcars-intl.com/vehicle-details/2017-porsche-panamera-turbo-sedan-ec391f86b5e14f188759efbf2041b444.html]
[automanager.blob.core.windows.net/wmphotos/033666/ec391f86b5e14f188759efbf2041b444/7ed4626679_400.jpg]
[automanager.blob.core.windows.net/wmphotos/033666/ec391f86b5e14f188759efbf2041b444/fb271738e5_400.jpg]
[www.motorcars-intl.com/vehicle-details/2016-buick-enclave-premium-awd-suv-5401fb7f281f4e81842645fd3e045f18.html]
[automanager.blob.core.windows.net/wmphotos/033666/5401fb7f281f4e81842645fd3e045f18/3e547d0970_400.jpg]
[automanager.blob.core.windows.net/wmphotos/033666/5401fb7f281f4e81842645fd3e045f18/efad0b60d4_400.jpg]
[www.motorcars-intl.com/inventory/sold.html]
[motorcarsdata.blob.core.windows.net/content/full/zenvost1med1.jpg]
[motorcarsdata.blob.core.windows.net/content/full/zenvost1med2.jpg]
[motorcarsdata.blob.core.windows.net/content/full/zenvost1med3.jpg]
[motorcarsdata.blob.core.windows.net/content/full/zenvost1med4.jpg]
[motorcarsdata.blob.core.windows.net/content/full/zenvost1full5.jpg]
[motorcarsdata.blob.core.windows.net/content/full/zenvost1med6.jpg]
[motorcarsdata.blob.core.windows.net/content/full/zenvost1med7.jpg]
[motorcarsdata.blob.core.windows.net/content/full/wiesman_MF5_med1.jpg]
[motorcarsdata.blob.core.windows.net/content/full/wiesman_MF5_med2.jpg]
[motorcarsdata.blob.core.windows.net/content/full/wiesman_MF5_med3.jpg]
[motorcarsdata.blob.core.windows.net/content/full/wiesman_MF5_med4.jpg]
[motorcarsdata.blob.core.windows.net/content/full/wiesman_MF5_med5.jpg]
[motorcarsdata.blob.core.windows.net/content/full/wiesman_MF5_med6.jpg]
[motorcarsdata.blob.core.windows.net/content/full/wiesman_MF5_med7.jpg]
[motorcarsdata.blob.core.windows.net/content/full/wiesman_MF5_med8.jpg]
[motorcarsdata.blob.core.windows.net/content/full/wiesman_MF5_med9.jpg]
[motorcarsdata.blob.core.windows.net/content/full/wiesman_MF5_med10.jpg]
[motorcarsdata.blob.core.windows.net/content/full/wiesman_MF4_med1.jpg]
[motorcarsdata.blob.core.windows.net/content/full/wiesman_MF4_med2.jpg]
[motorcarsdata.blob.core.windows.net/content/full/wiesman_MF4_med3.jpg]
[motorcarsdata.blob.core.windows.net/content/full/wiesman_MF4_med4.jpg]
[motorcarsdata.blob.core.windows.net/content/full/wiesman_MF4_med5.jpg]
[motorcarsdata.blob.core.windows.net/content/full/wiesman_MF4_med6.jpg]
[motorcarsdata.blob.core.windows.net/content/full/wiesman_MF4_med7.jpg]
[motorcarsdata.blob.core.windows.net/content/full/wiesman_MF4_med8.jpg]
[motorcarsdata.blob.core.windows.net/content/full/wiesman_MF4_med9.jpg]
[motorcarsdata.blob.core.windows.net/content/full/wiesman_MF4_med10.jpg]
[motorcarsdata.blob.core.windows.net/content/full/TVR_Sagaris_med1.jpg]
[motorcarsdata.blob.core.windows.net/content/full/TVR_Sagaris_med2.jpg]
[motorcarsdata.blob.core.windows.net/content/full/TVR_Sagaris_med3.jpg]
[motorcarsdata.blob.core.windows.net/content/full/TVR_Sagaris_med4.jpg]
[motorcarsdata.blob.core.windows.net/content/full/TVR_Sagaris_med5.jpg]
[motorcarsdata.blob.core.windows.net/content/full/TVR_Sagaris_med6.jpg]
[motorcarsdata.blob.core.windows.net/content/full/TVR_Sagaris_med7.jpg]
[motorcarsdata.blob.core.windows.net/content/full/tramontana_med1.jpg]
[motorcarsdata.blob.core.windows.net/content/full/tramontana_med2.jpg]
[motorcarsdata.blob.core.windows.net/content/full/tramontana_med3.jpg]
[motorcarsdata.blob.core.windows.net/content/full/tramontana_med4.jpg]
[motorcarsdata.blob.core.windows.net/content/full/tramontana_med5.jpg]
[motorcarsdata.blob.core.windows.net/content/full/tramontana_med6.jpg]
[motorcarsdata.blob.core.windows.net/content/full/tramontana_med7.jpg]
[motorcarsdata.blob.core.windows.net/content/full/tramontana_med8.jpg]
[motorcarsdata.blob.core.windows.net/content/full/tramontana_med9.jpg]
[motorcarsdata.blob.core.windows.net/content/full/tramontana_med10.jpg]
[www.motorcars-intl.com/custom-08.html]
[www.motorcars-intl.com/inventoryd08b.html]
[www.motorcars-intl.com/inventorybed0.html]
[www.motorcars-intl.com/inventory353b.html]
[www.motorcars-intl.com/inventoryd62c.html]
[www.motorcars-intl.com/inventory69b0.html]
[www.motorcars-intl.com/inventoryb25f.html]
[www.motorcars-intl.com/inventory53fb.html]
[www.motorcars-intl.com/inventory7951.html]
[www.motorcars-intl.com/vehicle-finder.html]
[www.motorcars-intl.com/inventory544b.html]
[automanager.blob.core.windows.net/wmclients/033666/images/sell-your-exotic-car-motorcars-international-500.jpg]
[automanager.blob.core.windows.net/wmclients/033666/images/motorcars-international-exotic-car-showroom-springfield-mo-500.jpg]
[www.motorcars-intl.com/sell-your-exotic-car.html]
[automanager.blob.core.windows.net/wmclients/033666/images/consign-your-exotic-car-motorcars-international-500.jpg]
[automanager.blob.core.windows.net/wmclients/033666/images/exotic-car-sales-motorcars-international-springfield-mo-500.jpg]
[www.motorcars-intl.com/consign-your-exotic-car.html]
[automanager.blob.core.windows.net/wmclients/033666/images/exotic-car-finance-motorcars-international-500.jpg]
[automanager.blob.core.windows.net/wmclients/033666/images/motorcars-international-exotic-car-dealership-springfield-mo-500.jpg]
[automanager.blob.core.windows.net/wmclients/033666/images/premier-financial-exotic-car-financing-400.jpg]
[automanager.blob.core.windows.net/wmclients/033666/images/woodside_credit.jpg]
[automanager.blob.core.windows.net/wmclients/033666/images/putnameleasing.jpg]
[motorcarsdata.blob.core.windows.net/content/full/manhattan_leasing.jpg]
[automanager.blob.core.windows.net/wmclients/033666/images/jj_best_banc_and_co.jpg]
[www.motorcars-intl.com/exotic-car-custom-financing.html]
[www.motorcars-intl.com/loan-calculator.html]
[www.motorcars-intl.com/credit-application.html]
[automanager.blob.core.windows.net/wmclients/033666/images/client-reviews-motorcars-international-500.jpg]
[www.motorcars-intl.com/testimonies-and-customer-reviews.html]
[automanager.blob.core.windows.net/wmclients/033666/images/exotic-car-locater-service-500.jpg]
[automanager.blob.core.windows.net/wmclients/033666/images/locate-exotic-car-motorcars-international.jpg]
[www.motorcars-intl.com/find-a-car-search.html]
[automanager.blob.core.windows.net/wmclients/033666/images/exotic-car-transport-bugatti.jpg]
[automanager.blob.core.windows.net/wmclients/033666/images/exotic-car-ferrari-shipping.jpg]
[automanager.blob.core.windows.net/wmclients/033666/images/transport-exotic-cars-bugatti.jpg]
[automanager.blob.core.windows.net/wmclients/033666/images/enclosed-transport-ferrari.jpg]
[automanager.blob.core.windows.net/wmclients/033666/images/exotic-car-transportion-gallardo.jpg]
[automanager.blob.core.windows.net/wmclients/033666/images/exotic-transport-ferrari-f40.jpg]
[www.motorcars-intl.com/exotic-car-enclosed-transportation.html]
[automanager.blob.core.windows.net/wmclients/033666/images/bobc.jpg]
[www.motorcars-intl.com/about-us.html]
[automanager.blob.core.windows.net/wmclients/033666/images/jims-bio-image-450.jpg]
[automanager.blob.core.windows.net/wmclients/033666/images/2011_ferrari_599_gto_ coupe_michael_kanowsky_motorcars_international_2019.jpg]
[automanager.blob.core.windows.net/wmclients/033666/images/collin-strickland-sales-consultan-bio-imaget.jpg]
[automanager.blob.core.windows.net/wmclients/033666/images/randy-bio-1.jpg]
[www.motorcars-intl.com/sales-team.html]
[automanager.blob.core.windows.net/wmclients/033666/images/img_2938.jpg]
[automanager.blob.core.windows.net/wmclients/033666/images/img_2907.jpg]
[automanager.blob.core.windows.net/wmclients/033666/images/collin-bio-thumb.jpg]
[automanager.blob.core.windows.net/wmclients/033666/images/steve_bio.jpg]
[automanager.blob.core.windows.net/wmclients/033666/images/greg_bio.jpg]
[www.motorcars-intl.com/administrative-team.html]
[www.motorcars-intl.com/location-and-directions.html]
[www.motorcars-intl.com/contact-us.html]
[www.motorcars-intl.com/page-not-found/index.html]
[www.motorcars-intl.com/inventory6332.html]
[www.motorcars-intl.com/inventory65f9.html]
[www.motorcars-intl.com/inventory99c2.html]
[www.motorcars-intl.com/inventorye7e2.html]
[www.motorcars-intl.com/inventoryd755.html]
[www.motorcars-intl.com/inventorya265.html]
[www.motorcars-intl.com/inventory592d.html]
[www.motorcars-intl.com/inventory5b4d.html]
[www.motorcars-intl.com/inventory8413.html]
[www.motorcars-intl.com/inventory4582.html]
[www.motorcars-intl.com/inventory3d7f.html]
[www.motorcars-intl.com/inventorya0c9.html]
[www.motorcars-intl.com/inventory5ce1.html]
[www.motorcars-intl.com/inventory6483.html]
[www.motorcars-intl.com/inventory78b4.html]
[www.motorcars-intl.com/inventory7a16.html]
[www.motorcars-intl.com/inventoryd792.html]
[www.motorcars-intl.com/vehicle-details/2014-bmw-i8-pure-impulse-world-coupe-7d01e9eeda2d4120af5ee66810078c6b.html]
[www.motorcars-intl.com/vehicle-details/2009-ferrari-430-scuderia-spider-16m-convertible-2a0d677bbe49405585ab3330f09a7d45.html]
[www.motorcars-intl.com/vehicle-details/2014-ferrari-laferrari-coupe-b0447a7f82bd42b28d3f82080fdf73fd.html]
[www.motorcars-intl.com/vehicle-details/2011-jeep-grand-cherokee-laredo-suv-ae89317ba2f74484925d6f30e12bc768.html]
[www.motorcars-intl.com/vehicle-details/2016-porsche-911-turbo-s-convertible-75955d26fbd6a44ab7b1189483470666.html]
[www.motorcars-intl.com/site-map.html]
[wm.automanager.com/javascript/jquery/jquery.plugins.min.js]
[wm.automanager.com/javascript/detection.js]
[wm.automanager.com/javascript/input.js]
[wm.automanager.com/javascript/validation.js]
[wm.automanager.com/javascript/cp/fieldfocus.js]
[wm.automanager.com/javascript/cp/formcontrol.js]
[www.motorcars-intl.com/vehicle-details/2014-porsche-cayenne-gts-suv-ec8701c7601c436e8cb6219dc391a6f9.html]
[www.motorcars-intl.com/credit-application/index78ac.html]
[www.motorcars-intl.com/credit-application78ac.html]
[automanager.blob.core.windows.net/wmphotos/033666/785dddb24fdec046900ef80e3424db60/5eba603bc8_1024.jpg]
[automanager.blob.core.windows.net/wmphotos/033666/785dddb24fdec046900ef80e3424db60/5eba603bc8_120.jpg]
[www.motorcars-intl.com/vehicle-details/2021-jeep-wrangler-unlimited-rubicon-ozark-mountain-edition-suv-785dddb24fdec046900ef80e3424db60.html]
[automanager.blob.core.windows.net/wmphotos/033666/94de1ced4b8b4170908e83561d7cfd06/51c82b0ba8_1280.jpg]
[automanager.blob.core.windows.net/wmphotos/033666/94de1ced4b8b4170908e83561d7cfd06/51c82b0ba8_120.jpg]
[www.motorcars-intl.com/vehicle-details/2021-jeep-wrangler-unlimited-rubicon-ozark-mountain-edition-suv-94de1ced4b8b4170908e83561d7cfd06.html]
[automanager.blob.core.windows.net/wmphotos/033666/62c4b4f3ce3d40fbb7e62143d64d1d5d/d623c22db9_1024.jpg]
[automanager.blob.core.windows.net/wmphotos/033666/62c4b4f3ce3d40fbb7e62143d64d1d5d/d623c22db9_120.jpg]
[www.motorcars-intl.com/vehicle-details/2021-jeep-wrangler-unlimited-rubicon-ozark-mountain-edition-suv-62c4b4f3ce3d40fbb7e62143d64d1d5d.html]
[automanager.blob.core.windows.net/wmphotos/033666/bb838b62ce5748df9629a0e68d659827/cdc3d130f1_1024.jpg]
[automanager.blob.core.windows.net/wmphotos/033666/bb838b62ce5748df9629a0e68d659827/cdc3d130f1_120.jpg]
[www.motorcars-intl.com/vehicle-details/2021-jeep-wrangler-unlimited-rubicon-ozark-mountain-edition-suv-bb838b62ce5748df9629a0e68d659827.html]
[automanager.blob.core.windows.net/wmphotos/033666/4a155a15ae6049dc86f6888027cc15c9/481c2b3bdd_1024.jpg]
[automanager.blob.core.windows.net/wmphotos/033666/4a155a15ae6049dc86f6888027cc15c9/481c2b3bdd_120.jpg]
[www.motorcars-intl.com/vehicle-details/2021-jeep-wrangler-unlimited-rubicon-ozark-mountain-edition-suv-4a155a15ae6049dc86f6888027cc15c9.html]
[automanager.blob.core.windows.net/wmphotos/033666/a3590271209e426fae330f22590c03ff/f8ab7ec24d_1024.jpg]
[automanager.blob.core.windows.net/wmphotos/033666/a3590271209e426fae330f22590c03ff/f8ab7ec24d_120.jpg]
[www.motorcars-intl.com/vehicle-details/2020-land-rover-defender-110-x-suv-a3590271209e426fae330f22590c03ff.html]
[automanager.blob.core.windows.net/wmphotos/033666/cbf0285b1ddc40d7a79d7ee2603016b9/33ba999043_1280.jpg]
[automanager.blob.core.windows.net/wmphotos/033666/cbf0285b1ddc40d7a79d7ee2603016b9/33ba999043_120.jpg]
[www.motorcars-intl.com/vehicle-details/2021-mercedes-benz-g550-suv-cbf0285b1ddc40d7a79d7ee2603016b9.html]
[automanager.blob.core.windows.net/wmphotos/033666/e1f309c2bad0453182ffdaf86ac69878/7632044af0_1024.jpg]
[automanager.blob.core.windows.net/wmphotos/033666/e1f309c2bad0453182ffdaf86ac69878/7632044af0_120.jpg]
[automanager.blob.core.windows.net/wmcontent/clients/images/balink_carfax1owner.gif]
[www.motorcars-intl.com/vehicle-details/2016-tesla-model-x-75d-suv-e1f309c2bad0453182ffdaf86ac69878.html]
[www.motorcars-intl.com/inventoryac1d.html]
[www.motorcars-intl.com/inventory7f21.html]
[www.motorcars-intl.com/inventoryc95e.html]
[www.motorcars-intl.com/inventoryaeba.html]
[www.motorcars-intl.com/inventory40d3.html]
[www.motorcars-intl.com/inventory2f62.html]
[www.motorcars-intl.com/inventoryb2f0.html]
[www.motorcars-intl.com/inventory5855.html]
[www.motorcars-intl.com/inventory0a0d.html]
[www.motorcars-intl.com/inventory6cab.html]
[www.motorcars-intl.com/inventory7cc9.html]
[www.motorcars-intl.com/inventory5e4f.html]
[www.motorcars-intl.com/inventorycb8c.html]
[www.motorcars-intl.com/inventoryf40f.html]
[www.motorcars-intl.com/inventoryeb1c.html]
[www.motorcars-intl.com/inventory3717.html]
[www.motorcars-intl.com/inventory8140.html]
[www.motorcars-intl.com/inventory940d.html]
[www.motorcars-intl.com/inventoryd120.html]
[www.motorcars-intl.com/inventory1569.html]
[www.motorcars-intl.com/inventory4b1c.html]
[www.motorcars-intl.com/inventory5301.html]
[www.motorcars-intl.com/inventory6c7e.html]
[www.motorcars-intl.com/inventory7e37.html]
[www.motorcars-intl.com/inventory4e90.html]
[www.motorcars-intl.com/inventory202e.html]
[www.motorcars-intl.com/inventory9f39.html]
[www.motorcars-intl.com/inventory57a9.html]
[www.motorcars-intl.com/inventory8916.html]
[www.motorcars-intl.com/inventory3a8a.html]
[www.motorcars-intl.com/inventory9533.html]
[www.motorcars-intl.com/inventory5e62.html]
[www.motorcars-intl.com/inventory55a9.html]
[www.motorcars-intl.com/inventory580a.html]
[www.motorcars-intl.com/inventoryad6b.html]
[www.motorcars-intl.com/inventory/sold1349.html]
[www.motorcars-intl.com/inventory/soldd956.html]
[www.motorcars-intl.com/inventory/soldec5c.html]
[www.motorcars-intl.com/inventory/sold352e.html]
[www.motorcars-intl.com/inventory/solded24.html]
[www.motorcars-intl.com/inventory/soldac1d.html]
[www.motorcars-intl.com/inventory/sold92e0.html]
[www.motorcars-intl.com/inventory/solde452.html]
[www.motorcars-intl.com/inventory/solda553.html]
[www.motorcars-intl.com/inventory/solddcb6.html]
[www.motorcars-intl.com/inventory/solde877.html]
[www.motorcars-intl.com/inventory/soldf255.html]
[www.motorcars-intl.com/inventory/sold2e37.html]
[www.motorcars-intl.com/inventory/sold9afa.html]
[www.motorcars-intl.com/inventory/soldaeba.html]
[www.motorcars-intl.com/inventory/soldfadf.html]
[www.motorcars-intl.com/inventory/sold2f62.html]
[www.motorcars-intl.com/inventory/sold8040.html]
[www.motorcars-intl.com/inventory/sold8015.html]
[www.motorcars-intl.com/inventory/solda00a.html]
[www.motorcars-intl.com/inventory/sold3302.html]
[www.motorcars-intl.com/inventory/sold07db.html]
[www.motorcars-intl.com/inventory/soldcc07.html]
[www.motorcars-intl.com/inventory/soldf058.html]
[www.motorcars-intl.com/inventory/soldbf3e.html]
[www.motorcars-intl.com/inventory/sold5855.html]
[www.motorcars-intl.com/inventory/sold09a7.html]
[www.motorcars-intl.com/inventory/sold78b3.html]
[www.motorcars-intl.com/inventory/soldf532.html]
[www.motorcars-intl.com/inventory/sold99c1.html]
[www.motorcars-intl.com/inventory/soldf5db.html]
[www.motorcars-intl.com/inventory/sold1b32.html]
[www.motorcars-intl.com/inventory/soldecf8.html]
[www.motorcars-intl.com/inventory/sold16eb.html]
[www.motorcars-intl.com/inventory/sold6cab.html]
[www.motorcars-intl.com/inventory/sold7cc9.html]
[www.motorcars-intl.com/inventory/sold5e4f.html]
[www.motorcars-intl.com/inventory/soldf475.html]
[www.motorcars-intl.com/inventory/sold83ca.html]
[www.motorcars-intl.com/inventory/soldeb1c.html]
[www.motorcars-intl.com/inventory/soldc36c.html]
[www.motorcars-intl.com/inventory/soldcb8c.html]
[www.motorcars-intl.com/inventory/solde7bf.html]
[www.motorcars-intl.com/inventory/soldd08b.html]
[www.motorcars-intl.com/inventory/soldbed0.html]
[www.motorcars-intl.com/inventory/sold353b.html]
[www.motorcars-intl.com/inventory/soldd62c.html]
[www.motorcars-intl.com/inventory/sold69b0.html]
[www.motorcars-intl.com/inventory/soldb25f.html]
[www.motorcars-intl.com/inventory/sold53fb.html]
[www.motorcars-intl.com/inventory/sold3717.html]
[www.motorcars-intl.com/inventory/sold7951.html]
[www.motorcars-intl.com/inventory/sold940d.html]
[www.motorcars-intl.com/inventory/sold544b.html]
[www.motorcars-intl.com/inventory/sold6332.html]
[www.motorcars-intl.com/inventory/sold65f9.html]
[www.motorcars-intl.com/inventory/sold99c2.html]
[www.motorcars-intl.com/inventory/solde7e2.html]
[www.motorcars-intl.com/inventory/soldd755.html]
[www.motorcars-intl.com/inventory/solda265.html]
[www.motorcars-intl.com/inventory/sold592d.html]
[www.motorcars-intl.com/inventory/sold4b1c.html]
[www.motorcars-intl.com/inventory/sold5b4d.html]
[www.motorcars-intl.com/inventory/sold8413.html]
[www.motorcars-intl.com/inventory/sold4582.html]
[www.motorcars-intl.com/inventory/sold3d7f.html]
[www.motorcars-intl.com/inventory/solda0c9.html]
[www.motorcars-intl.com/inventory/sold5ce1.html]
[www.motorcars-intl.com/inventory/sold6483.html]
[www.motorcars-intl.com/inventory/sold78b4.html]
[www.motorcars-intl.com/inventory/soldee90.html]
[www.motorcars-intl.com/inventory/sold7a16.html]
[www.motorcars-intl.com/inventory/soldd792.html]
[www.motorcars-intl.com/inventory/sold4e90.html]
[www.motorcars-intl.com/inventory/sold9533.html]
[www.motorcars-intl.com/inventory/sold5e62.html]
[www.motorcars-intl.com/inventory/solda68b.html]
[www.motorcars-intl.com/inventory/sold3afc.html]
[www.motorcars-intl.com/inventory/sold55a9.html]
[www.motorcars-intl.com/inventory/sold580a.html]
[www.motorcars-intl.com/inventory/soldde48.html]
[www.motorcars-intl.com/inventory/soldaacd.html]
[www.motorcars-intl.com/inventory/soldd99c.html]
[www.motorcars-intl.com/vehicle-details/2021-jeep-wrangler-unlimited-rubicon-ozark-mountain-edition-suv-95baeef6d03060418abd130de4361541.html]
[www.motorcars-intl.com/vehicle-details/2021-jeep-wrangler-unlimited-rubicon-ozark-mountain-edition-suv-6dc56b3eea256644895d3ccc1d02ef7f.html]
[www.motorcars-intl.com/vehicle-details/2021-jeep-wrangler-unlimited-rubicon-ozark-mountain-edition-suv-866a20b9c6a744299923492e1cca7920.html]
[www.motorcars-intl.com/vehicle-details/2021-jeep-wrangler-unlimited-rubicon-ozark-mountain-edition-suv-73c30f609c9348b398eb534fe20ae76d.html]
[www.motorcars-intl.com/vehicle-details/2021-kia-telluride-sx-awd-suv-fb7448afc0004872a1c3e8c411db84e7.html]
[www.motorcars-intl.com/vehicle-details/2020-audi-r8-5-2-quattro-v10-performance-coupe-4123f505f0c1411fbc2000131d3ac3f4.html]
[www.motorcars-intl.com/vehicle-details/2020-bmw-m8--cabriolet-convertible-326d9905d5544075b39eef9b09f4389e.html]
[www.motorcars-intl.com/vehicle-details/2020-jeep-gladiator-mojave-ozark-mountain-edition-truck-84713cb604a74eb99817ecd1b0fad459.html]
